A51 MACRO ASSEMBLER  SEG                                                                  03/13/2016 16:15:53 PAGE     1


MACRO ASSEMBLER A51 V8.02b
OBJECT MODULE PLACED IN SEG.OBJ
ASSEMBLER INVOKED BY: C:\Keil\C51\BIN\A51.EXE SEG.asm SET(SMALL) DEBUG EP

LOC  OBJ            LINE     SOURCE

                       1     ;程式功能:四顆七段顯示器顯示數字(2014)
                       2     ;#include "tx3703.inc"
                +1     3     
                +1     4     
                +1     5     
  0091          +1     6             P0OE    DATA    0x91
  0092          +1     7             P4MOD   DATA    0x92
  0093          +1     8             P2OE    DATA    0x93
  0094          +1     9             OPTION  DATA    0x94
  0095          +1    10             INTFLG  DATA    0x95
  0096          +1    11             P1WKUP  DATA    0x96
  0097          +1    12             SWCMD   DATA    0x97
  009A          +1    13             PWM0PRD DATA    0x9A
  009B          +1    14             PWM0DH  DATA    0x9B
  009C          +1    15             PWM1PRD DATA    0x9C
  009D          +1    16             PWM1DH  DATA    0x9D
  00A1          +1    17             PWMCON  DATA    0xA1
  00A2          +1    18             P1MODL  DATA    0xA2
  00A3          +1    19             P1MODH  DATA    0xA3
  00A4          +1    20             P3MODL  DATA    0xA4
  00A5          +1    21             P3MODH  DATA    0xA5
  00A6          +1    22             PINMOD  DATA    0xA6
  00A9          +1    23             INTE1   DATA    0xA9
  00AA          +1    24             ADTKDT  DATA    0xAA
  00AB          +1    25             ADCDH   DATA    0xAB
  00AC          +1    26             TKDL    DATA    0xAC
  00AD          +1    27             TKCON   DATA    0xAD
  00AE          +1    28             CHSEL   DATA    0xAE
  00B1          +1    29             LCDCON  DATA    0xB1
  00B2          +1    30             LCDCON2 DATA    0xB2
  00B3          +1    31             LCDPIN  DATA    0xB3
  00B9          +1    32             IPH             DATA    0xB9
  00BA          +1    33             IP1             DATA    0xBA
  00BB          +1    34             IP1H    DATA    0xBB
  00BC          +1    35             SPCON   DATA    0xBC
  00BD          +1    36             SPSTA   DATA    0xBD
  00BE          +1    37             SPDAT   DATA    0xBE
  00C0          +1    38             P5              DATA    0xC0
  00C8          +1    39             T2CON   DATA    0xC8
  00CA          +1    40             RCP2L   DATA    0xCA
  00CB          +1    41             RCP2H   DATA    0xCB
  00CC          +1    42             TL2             DATA    0xCC
  00CD          +1    43             TH2             DATA    0xCD
  00D8          +1    44             CLKCON  DATA    0xD8
  00E8          +1    45             P4              DATA    0xE8
  00F7          +1    46             CFGWL   DATA    0xF7
  00F8          +1    47             AUX1    DATA    0xF8
                      48     
                      49     
0000                  50             org 000h
0000 8100             51             ajmp Start
0400                  52             org 400h
0400                  53     Start:
                      54     
0400 7591FF           55             mov p0oe,#11111111b;
0403 7580FF           56             mov p0,#11111111b;
0406 7593FF           57             mov p2oe,#111111111b;
*** ___________________________________________^
A51 MACRO ASSEMBLER  SEG                                                                  03/13/2016 16:15:53 PAGE     2

*** WARNING #A52 IN 57 (SEG.asm, LINE 11): VALUE HAS BEEN TRUNCATED TO 8 BITS
0409 75A0F0           58             mov p2,#11110000b;
                      59     
040C                  60     S1:
040C 7580C0           61             mov p0,#11000000b
040F 75A0FE           62             mov p2,#11111110b;
0412 912F             63             acall delay_1s
                      64             
0414 7580F9           65             mov p0,#11111001b
0417 75A0FC           66             mov p2,#11111100b;
041A 912F             67             acall delay_1s
                      68             
041C 7580A4           69             mov p0,#10100100b
041F 75A0F8           70             mov p2,#11111000b;
0422 912F             71             acall delay_1s
                      72             
0424 7580B0           73             mov p0,#10110000b
0427 75A0F0           74             mov p2,#11110000b;
042A 912F             75             acall delay_1s
                      76             
042C 02040C           77             ljmp S1
                      78             
042F                  79     delay_1s:
042F 7DC8             80             MOV R5,#200
0431                  81             D1:
0431 7EC4             82             MOV R6,#2500
*** _________________________________________^
*** WARNING #A52 IN 82 (SEG.asm, LINE 36): VALUE HAS BEEN TRUNCATED TO 8 BITS
0433 DEFE             83             DJNZ R6,$
0435 DDFA             84             DJNZ R5,D1
0437 22               85             RET
                      86             
                      87             END
A51 MACRO ASSEMBLER  SEG                                                                  03/13/2016 16:15:53 PAGE     3

SYMBOL TABLE LISTING
------ ----- -------


N A M E             T Y P E  V A L U E   ATTRIBUTES

ADCDH. . . . . . .  D ADDR   00ABH   A   
ADTKDT . . . . . .  D ADDR   00AAH   A   
AUX1 . . . . . . .  D ADDR   00F8H   A   
CFGWL. . . . . . .  D ADDR   00F7H   A   
CHSEL. . . . . . .  D ADDR   00AEH   A   
CLKCON . . . . . .  D ADDR   00D8H   A   
D1 . . . . . . . .  C ADDR   0431H   A   
DELAY_1S . . . . .  C ADDR   042FH   A   
INTE1. . . . . . .  D ADDR   00A9H   A   
INTFLG . . . . . .  D ADDR   0095H   A   
IP1. . . . . . . .  D ADDR   00BAH   A   
IP1H . . . . . . .  D ADDR   00BBH   A   
IPH. . . . . . . .  D ADDR   00B9H   A   
LCDCON . . . . . .  D ADDR   00B1H   A   
LCDCON2. . . . . .  D ADDR   00B2H   A   
LCDPIN . . . . . .  D ADDR   00B3H   A   
OPTION . . . . . .  D ADDR   0094H   A   
P0 . . . . . . . .  D ADDR   0080H   A   
P0OE . . . . . . .  D ADDR   0091H   A   
P1MODH . . . . . .  D ADDR   00A3H   A   
P1MODL . . . . . .  D ADDR   00A2H   A   
P1WKUP . . . . . .  D ADDR   0096H   A   
P2 . . . . . . . .  D ADDR   00A0H   A   
P2OE . . . . . . .  D ADDR   0093H   A   
P3MODH . . . . . .  D ADDR   00A5H   A   
P3MODL . . . . . .  D ADDR   00A4H   A   
P4 . . . . . . . .  D ADDR   00E8H   A   
P4MOD. . . . . . .  D ADDR   0092H   A   
P5 . . . . . . . .  D ADDR   00C0H   A   
PINMOD . . . . . .  D ADDR   00A6H   A   
PWM0DH . . . . . .  D ADDR   009BH   A   
PWM0PRD. . . . . .  D ADDR   009AH   A   
PWM1DH . . . . . .  D ADDR   009DH   A   
PWM1PRD. . . . . .  D ADDR   009CH   A   
PWMCON . . . . . .  D ADDR   00A1H   A   
RCP2H. . . . . . .  D ADDR   00CBH   A   
RCP2L. . . . . . .  D ADDR   00CAH   A   
S1 . . . . . . . .  C ADDR   040CH   A   
SPCON. . . . . . .  D ADDR   00BCH   A   
SPDAT. . . . . . .  D ADDR   00BEH   A   
SPSTA. . . . . . .  D ADDR   00BDH   A   
START. . . . . . .  C ADDR   0400H   A   
SWCMD. . . . . . .  D ADDR   0097H   A   
T2CON. . . . . . .  D ADDR   00C8H   A   
TH2. . . . . . . .  D ADDR   00CDH   A   
TKCON. . . . . . .  D ADDR   00ADH   A   
TKDL . . . . . . .  D ADDR   00ACH   A   
TL2. . . . . . . .  D ADDR   00CCH   A   


REGISTER BANK(S) USED: 0 


ASSEMBLY COMPLETE.  2 WARNING(S), 0 ERROR(S)
